INFO     tokenizer:tokenizer.py:50 cleaning text input...
INFO     tokenizer:tokenizer.py:50 cleaning text input...
INFO     tokenizer:tokenizer.py:50 cleaning text input...
INFO     tokenizer:tokenizer.py:86 Counting words...
INFO     tokenizer:tokenizer.py:68 tokenizing text input...
INFO     tokenizer:tokenizer.py:50 cleaning text input...
INFO     tokenizer:tokenizer.py:27 downloading raw data ...
INFO     tokenizer:tokenizer.py:33 downloading from URL: https://www.gutenberg.org/cache/epub/1063/pg1063.txt
INFO     tokenizer:tokenizer.py:33 downloading from URL: https://www.gutenberg.org/cache/epub/1064/pg1064.txt
INFO     tokenizer:tokenizer.py:33 downloading from URL: https://www.gutenberg.org/cache/epub/2151/pg2151.txt
INFO     tokenizer:tokenizer.py:33 downloading from URL: https://www.gutenberg.org/cache/epub/10031/pg10031.txt
INFO     tokenizer:tokenizer.py:33 downloading from URL: https://www.gutenberg.org/cache/epub/10947/pg10947.txt
INFO     tokenizer:tokenizer.py:33 downloading from URL: https://www.gutenberg.org/cache/epub/15143/pg15143.txt
INFO     tokenizer:tokenizer.py:33 downloading from URL: https://www.gutenberg.org/cache/epub/17192/pg17192.txt
INFO     tokenizer:tokenizer.py:33 downloading from URL: https://www.gutenberg.org/cache/epub/25525/pg25525.txt
INFO     tokenizer:tokenizer.py:33 downloading from URL: https://www.gutenberg.org/cache/epub/32037/pg32037.txt
INFO     tokenizer:tokenizer.py:33 downloading from URL: https://www.gutenberg.org/cache/epub/51060/pg51060.txt
INFO     tokenizer:tokenizer.py:50 cleaning text input...
INFO     tokenizer:tokenizer.py:68 tokenizing text input...
INFO     tokenizer:tokenizer.py:50 cleaning text input...
INFO     tokenizer:tokenizer.py:86 Counting words...
INFO     tokenizer:tokenizer.py:68 tokenizing text input...
INFO     tokenizer:tokenizer.py:50 cleaning text input...
INFO     tokenizer:tokenizer.py:50 cleaning text input...
INFO     tokenizer:tokenizer.py:68 tokenizing text input...
INFO     tokenizer:tokenizer.py:50 cleaning text input...
INFO     tokenizer:tokenizer.py:86 Counting words...
INFO     tokenizer:tokenizer.py:68 tokenizing text input...
INFO     tokenizer:tokenizer.py:50 cleaning text input...
INFO     tokenizer:tokenizer.py:50 cleaning text input...
INFO     tokenizer:tokenizer.py:68 tokenizing text input...
INFO     tokenizer:tokenizer.py:50 cleaning text input...
INFO     tokenizer:tokenizer.py:86 Counting words...
INFO     tokenizer:tokenizer.py:68 tokenizing text input...
INFO     tokenizer:tokenizer.py:50 cleaning text input...
INFO     tokenizer:tokenizer.py:50 cleaning text input...
INFO     tokenizer:tokenizer.py:68 tokenizing text input...
INFO     tokenizer:tokenizer.py:50 cleaning text input...
INFO     tokenizer:tokenizer.py:86 Counting words...
INFO     tokenizer:tokenizer.py:68 tokenizing text input...
INFO     tokenizer:tokenizer.py:50 cleaning text input...
INFO     tokenizer:tokenizer.py:50 cleaning text input...
INFO     tokenizer:tokenizer.py:68 tokenizing text input...
INFO     tokenizer:tokenizer.py:50 cleaning text input...
INFO     tokenizer:tokenizer.py:86 Counting words...
INFO     tokenizer:tokenizer.py:68 tokenizing text input...
INFO     tokenizer:tokenizer.py:50 cleaning text input...
INFO     tokenizer:tokenizer.py:50 cleaning text input...
INFO     tokenizer:tokenizer.py:68 tokenizing text input...
INFO     tokenizer:tokenizer.py:50 cleaning text input...
INFO     tokenizer:tokenizer.py:86 Counting words...
INFO     tokenizer:tokenizer.py:68 tokenizing text input...
INFO     tokenizer:tokenizer.py:50 cleaning text input...
INFO     tokenizer:tokenizer.py:50 cleaning text input...
INFO     tokenizer:tokenizer.py:68 tokenizing text input...
INFO     tokenizer:tokenizer.py:50 cleaning text input...
INFO     tokenizer:tokenizer.py:86 Counting words...
INFO     tokenizer:tokenizer.py:68 tokenizing text input...
INFO     tokenizer:tokenizer.py:50 cleaning text input...
INFO     tokenizer:tokenizer.py:50 cleaning text input...
INFO     tokenizer:tokenizer.py:68 tokenizing text input...
INFO     tokenizer:tokenizer.py:50 cleaning text input...
INFO     tokenizer:tokenizer.py:86 Counting words...
INFO     tokenizer:tokenizer.py:68 tokenizing text input...
INFO     tokenizer:tokenizer.py:50 cleaning text input...
INFO     tokenizer:tokenizer.py:50 cleaning text input...
INFO     tokenizer:tokenizer.py:68 tokenizing text input...
INFO     tokenizer:tokenizer.py:50 cleaning text input...
INFO     tokenizer:tokenizer.py:86 Counting words...
INFO     tokenizer:tokenizer.py:68 tokenizing text input...
INFO     tokenizer:tokenizer.py:50 cleaning text input...
INFO     tokenizer:tokenizer.py:50 cleaning text input...
INFO     tokenizer:tokenizer.py:68 tokenizing text input...
INFO     tokenizer:tokenizer.py:50 cleaning text input...
INFO     tokenizer:tokenizer.py:86 Counting words...
INFO     tokenizer:tokenizer.py:68 tokenizing text input...
INFO     tokenizer:tokenizer.py:50 cleaning text input...
INFO     tokenizer:tokenizer.py:68 tokenizing text input...
INFO     tokenizer:tokenizer.py:50 cleaning text input...
INFO     tokenizer:tokenizer.py:68 tokenizing text input...
INFO     tokenizer:tokenizer.py:50 cleaning text input...
